[    2.7s]   index   h=1   thr=2% n=   26,020  BASE=+0.1921 SQ=+0.1839 FE250=+0.1919 FE1000=+0.1922 SPL=+0.1922 LOGIT=+0.1840 MNL=+0.1872 PLATT=+0.1832 ISO=+0.1497 
[    2.7s]   index   h=1   thr=5% n=   26,020  BASE=+0.1899 SQ=+0.1621 FE250=+0.1858 FE1000=+0.1872 SPL=+0.1900 LOGIT=+0.1532 MNL=+nan PLATT=-0.0333 ISO=+0.0170 
[    5.8s]   index   h=5   thr=2% n=   26,000  BASE=+0.1328 SQ=+0.1298 FE250=+0.1330 FE1000=+0.1332 SPL=+0.1327 LOGIT=+0.1240 MNL=+0.1242 PLATT=+0.1314 ISO=+0.1241 
[    5.8s]   index   h=5   thr=5% n=   26,000  BASE=+0.1359 SQ=+0.1296 FE250=+0.1353 FE1000=+0.1357 SPL=+0.1375 LOGIT=+0.1142 MNL=+nan PLATT=+0.1157 ISO=+0.0945 
[    9.0s]   index   h=10  thr=2% n=   25,975  BASE=+0.0924 SQ=+0.0888 FE250=+0.0916 FE1000=+0.0924 SPL=+0.0909 LOGIT=+0.0890 MNL=+0.0893 PLATT=+0.0889 ISO=+0.0849 
[    9.0s]   index   h=10  thr=5% n=   25,975  BASE=+0.1332 SQ=+0.1269 FE250=+0.1341 FE1000=+0.1345 SPL=+0.1334 LOGIT=+0.1179 MNL=+nan PLATT=+0.1217 ISO=+0.1090 
[   12.0s]   index   h=21  thr=2% n=   24,665  BASE=+0.0419 SQ=+0.0409 FE250=+0.0405 FE1000=+0.0408 SPL=+0.0440 LOGIT=+0.0444 MNL=+0.0447 PLATT=+0.0273 ISO=+0.0300 
[   12.0s]   index   h=21  thr=5% n=   24,665  BASE=+0.1172 SQ=+0.1116 FE250=+0.1178 FE1000=+0.1180 SPL=+0.1179 LOGIT=+0.1082 MNL=+nan PLATT=+0.1079 ISO=+0.1072 
[ 5334.1s]   single  h=1   thr=2% n=  997,307  BASE=+0.1135 SQ=+0.1131 FE250=+0.1132 FE1000=+0.1138 SPL=+0.1140 LOGIT=+0.1123 MNL=+0.1125 PLATT=+0.1134 ISO=+0.1129 
[ 5334.3s]   single  h=1   thr=5% n=  997,307  BASE=+0.1085 SQ=+0.1062 FE250=+0.1025 FE1000=+0.1046 SPL=+0.1074 LOGIT=+0.1046 MNL=+nan PLATT=+0.1090 ISO=+0.1048 
[16993.4s]   single  h=5   thr=2% n=  996,383  BASE=+0.0548 SQ=+0.0549 FE250=+0.0553 FE1000=+0.0554 SPL=+0.0549 LOGIT=+0.0546 MNL=+0.0547 PLATT=+0.0546 ISO=+0.0541 
[16993.4s]   single  h=5   thr=5% n=  996,383  BASE=+0.0933 SQ=+0.0943 FE250=+0.0943 FE1000=+0.0944 SPL=+0.0934 LOGIT=+0.0881 MNL=+nan PLATT=+0.0926 ISO=+0.0919 
[31196.4s]   single  h=10  thr=2% n=  995,228  BASE=+0.0331 SQ=+0.0331 FE250=+0.0335 FE1000=+0.0335 SPL=+0.0334 LOGIT=+0.0342 MNL=+0.0341 PLATT=+0.0330 ISO=+0.0319 
[31196.5s]   single  h=10  thr=5% n=  995,228  BASE=+0.0677 SQ=+0.0680 FE250=+0.0690 FE1000=+0.0689 SPL=+0.0677 LOGIT=+0.0647 MNL=+nan PLATT=+0.0669 ISO=+0.0668 
[41356.1s]   single  h=21  thr=2% n=  992,687  BASE=+0.0191 SQ=+0.0191 FE250=+0.0189 FE1000=+0.0190 SPL=+0.0198 LOGIT=+0.0204 MNL=+0.0203 PLATT=+0.0199 ISO=+0.0179 
[41356.1s]   single  h=21  thr=5% n=  992,687  BASE=+0.0417 SQ=+0.0419 FE250=+0.0430 FE1000=+0.0430 SPL=+0.0423 LOGIT=+0.0415 MNL=+nan PLATT=+0.0411 ISO=+0.0409 

==============================================================================================================
MAIN TABLE -- delta BSS2 / delta ECE vs the shipped baseline (walk-forward 2006-2026)
==============================================================================================================

--- thr=2% ---
grp      h         n     BASE        SQ     FE250    FE1000       SPL     LOGIT       MNL     PLATT       ISO
index    1    26,020   0.1921   -0.0082   -0.0002   +0.0001   +0.0001   -0.0081   -0.0049   -0.0089   -0.0424
index    5    26,000   0.1328   -0.0031   +0.0001   +0.0003   -0.0002   -0.0088   -0.0086   -0.0015   -0.0088
index   10    25,975   0.0924   -0.0036   -0.0008   -0.0000   -0.0015   -0.0034   -0.0031   -0.0035   -0.0075
index   21    24,665   0.0419   -0.0010   -0.0014   -0.0010   +0.0022   +0.0025   +0.0028   -0.0146   -0.0119
single   1   997,307   0.1135   -0.0004   -0.0003   +0.0004   +0.0005   -0.0012   -0.0010   -0.0001   -0.0006
single   5   996,383   0.0548   +0.0001   +0.0005   +0.0006   +0.0001   -0.0002   -0.0002   -0.0003   -0.0007
single  10   995,228   0.0331   +0.0000   +0.0004   +0.0004   +0.0003   +0.0011   +0.0010   -0.0001   -0.0012
single  21   992,687   0.0191   +0.0000   -0.0002   -0.0000   +0.0007   +0.0013   +0.0013   +0.0008   -0.0012

grp      h  ECE_BASE       dSQ    dFE250   dFE1000      dSPL    dLOGIT      dMNL    dPLATT      dISO
index    1    0.0076   +0.0014   +0.0008   +0.0007   -0.0004   +0.0064   +0.0060   +0.0040   +0.0036
index    5    0.0173   +0.0003   +0.0009   +0.0002   -0.0015   +0.0208   +0.0204   -0.0032   -0.0034
index   10    0.0171   -0.0001   +0.0041   +0.0022   -0.0012   +0.0148   +0.0151   +0.0045   +0.0029
index   21    0.0268   -0.0001   +0.0052   +0.0032   -0.0035   -0.0019   -0.0022   +0.0067   +0.0075
single   1    0.0146   -0.0005   -0.0006   -0.0001   -0.0029   +0.0068   +0.0065   -0.0097   -0.0128
single   5    0.0080   -0.0018   -0.0001   +0.0002   -0.0013   +0.0049   +0.0048   -0.0037   -0.0061
single  10    0.0072   -0.0006   +0.0015   +0.0007   -0.0007   +0.0010   +0.0011   -0.0007   -0.0050
single  21    0.0092   -0.0006   +0.0021   +0.0014   -0.0012   -0.0024   -0.0023   -0.0019   -0.0056

years improved out of 21 (thr=2%)
grp      h        SQ     FE250    FE1000       SPL     LOGIT       MNL     PLATT       ISO
index    1         9         9        10         9         6         6         5         6
index    5         4        14        14        11         5         5         9         5
index   10         6         7         8         5         7         7         9         8
index   21         9         9         9         8        11        11         7         8
single   1         9         8        13        17         5         5         8         8
single   5        11        15        16        13         9         9         9         7
single  10         8        14        14        14        12        12        12         7
single  21         8        11        11        16        13        11        12         9

--- thr=5% ---
grp      h         n     BASE        SQ     FE250    FE1000       SPL     LOGIT       MNL     PLATT       ISO
index    1    26,020   0.1899   -0.0278   -0.0041   -0.0027   +0.0001   -0.0367      +nan   -0.2232   -0.1729
index    5    26,000   0.1359   -0.0063   -0.0006   -0.0002   +0.0016   -0.0217      +nan   -0.0202   -0.0415
index   10    25,975   0.1332   -0.0063   +0.0009   +0.0013   +0.0002   -0.0153      +nan   -0.0115   -0.0242
index   21    24,665   0.1172   -0.0057   +0.0006   +0.0007   +0.0007   -0.0090      +nan   -0.0094   -0.0100
single   1   997,307   0.1085   -0.0023   -0.0060   -0.0039   -0.0011   -0.0038      +nan   +0.0005   -0.0037
single   5   996,383   0.0933   +0.0010   +0.0010   +0.0011   +0.0000   -0.0052      +nan   -0.0007   -0.0015
single  10   995,228   0.0677   +0.0003   +0.0013   +0.0012   -0.0000   -0.0030      +nan   -0.0008   -0.0009
single  21   992,687   0.0417   +0.0002   +0.0014   +0.0014   +0.0006   -0.0002      +nan   -0.0006   -0.0008

grp      h  ECE_BASE       dSQ    dFE250   dFE1000      dSPL    dLOGIT      dMNL    dPLATT      dISO
index    1    0.0010   -0.0002   +0.0004   +0.0003   +0.0000   +0.0012      +nan   +0.0055   +0.0036
index    5    0.0135   +0.0001   +0.0007   +0.0005   -0.0011   -0.0030      +nan   -0.0019   -0.0014
index   10    0.0161   +0.0005   +0.0021   +0.0013   -0.0012   +0.0060      +nan   -0.0019   -0.0001
index   21    0.0265   -0.0001   +0.0039   +0.0035   -0.0029   +0.0112      +nan   -0.0049   -0.0052
single   1    0.0095   +0.0003   +0.0001   +0.0004   -0.0006   -0.0033      +nan   -0.0066   -0.0077
single   5    0.0046   -0.0001   -0.0010   -0.0009   -0.0015   +0.0179      +nan   -0.0011   -0.0018
single  10    0.0066   +0.0003   +0.0026   +0.0008   -0.0007   +0.0152      +nan   +0.0000   -0.0033
single  21    0.0122   -0.0012   +0.0041   +0.0030   -0.0016   +0.0001      +nan   -0.0014   -0.0075

years improved out of 21 (thr=5%)
grp      h        SQ     FE250    FE1000       SPL     LOGIT       MNL     PLATT       ISO
index    1         7         2         2        15        11       nan        11         9
index    5         6         6         6        11        11       nan         9         9
index   10         3        11        11        12         8       nan        11        10
index   21         7        10        10         8         7       nan         8         6
single   1         4         2         3         9        10       nan         9         5
single   5        11        15        17        10         0       nan         6         8
single  10        10        16        16         9         5       nan         8         8
single  21         9        17        17        17         8       nan         8        10
